and.c: In function ‘main’:
and.c:4: warning: incompatible implicit declaration of built-in function ‘printf’
and.c:3: warning: return type of ‘main’ is not ‘int’
