div.c: In function ‘main’:
div.c:4: warning: incompatible implicit declaration of built-in function ‘printf’
div.c:5: warning: unknown conversion type character ‘=’ in format
div.c:3: warning: return type of ‘main’ is not ‘int’
