equal.c: In function ‘main’:
equal.c:4: warning: incompatible implicit declaration of built-in function ‘printf’
equal.c:3: warning: return type of ‘main’ is not ‘int’
