fact.c: In function ‘main’:
fact.c:9: warning: incompatible implicit declaration of built-in function ‘printf’
fact.c:9: warning: format ‘%d’ expects type ‘int’, but argument 2 has type ‘long int’
fact.c:8: warning: return type of ‘main’ is not ‘int’
