global.c: In function ‘main’:
global.c:7: warning: incompatible implicit declaration of built-in function ‘printf’
global.c:7: warning: format ‘%d’ expects type ‘int’, but argument 2 has type ‘long int’
global.c:5: warning: return type of ‘main’ is not ‘int’
