hello.c: In function ‘main’:
hello.c:4: warning: incompatible implicit declaration of built-in function ‘printf’
hello.c:3: warning: return type of ‘main’ is not ‘int’
