or.c: In function ‘main’:
or.c:4: warning: incompatible implicit declaration of built-in function ‘printf’
or.c:3: warning: return type of ‘main’ is not ‘int’
