rel.c: In function ‘main’:
rel.c:4: warning: incompatible implicit declaration of built-in function ‘printf’
rel.c:3: warning: return type of ‘main’ is not ‘int’
