return.c: In function ‘main’:
return.c:12: warning: incompatible implicit declaration of built-in function ‘printf’
return.c:12: warning: format ‘%d’ expects type ‘int’, but argument 2 has type ‘long int’
return.c:9: warning: return type of ‘main’ is not ‘int’
